2021-11-02 17:04:46,897 - INFO : ---------LOG START-------------
2021-11-02 17:04:46,907 - INFO : Starting new HTTP connection (1): 192.168.4.1
2021-11-02 17:07:06,960 - INFO : ---------LOG START-------------
2021-11-02 17:07:06,962 - INFO : Starting new HTTP connection (1): 192.168.4.1
2021-11-05 11:59:30,828 - INFO : ---------LOG START-------------
2021-11-05 11:59:30,832 - INFO : Starting new HTTP connection (1): 192.168.4.1
2021-11-05 11:59:30,847 - DEBUG : "GET /board HTTP/1.1" 200 73
2021-11-05 13:29:09,467 - INFO : ---------LOG START-------------
2021-11-05 13:29:09,472 - INFO : Starting new HTTP connection (1): 192.168.4.1
2021-11-05 13:29:09,482 - DEBUG : "GET /board HTTP/1.1" 200 121
2021-11-05 13:29:09,534 - INFO : Starting new HTTP connection (1): 192.168.4.1
2021-11-05 13:29:09,554 - DEBUG : "POST /tcp HTTP/1.1" 200 98
2021-11-05 13:29:16,553 - INFO : Starting new HTTP connection (1): 192.168.4.1
2021-11-05 13:29:21,807 - DEBUG : "GET /stream/start HTTP/1.1" 200 4
2021-11-05 13:29:28,896 - INFO : Starting new HTTP connection (1): 192.168.4.1
2021-11-05 13:29:48,864 - INFO : ---------LOG START-------------
2021-11-05 13:29:48,867 - INFO : Starting new HTTP connection (1): 192.168.4.1
2021-11-05 13:29:48,927 - DEBUG : "GET /board HTTP/1.1" 200 121
2021-11-05 13:29:48,980 - INFO : Starting new HTTP connection (1): 192.168.4.1
2021-11-05 13:29:49,015 - DEBUG : "POST /tcp HTTP/1.1" 200 98
2021-11-05 13:29:54,035 - INFO : Starting new HTTP connection (1): 192.168.4.1
2021-11-05 13:29:56,031 - DEBUG : "GET /stream/start HTTP/1.1" 200 4
2021-11-05 13:29:56,102 - INFO : Starting new HTTP connection (1): 192.168.4.1
2021-11-05 13:31:19,143 - INFO : ---------LOG START-------------
2021-11-05 13:31:19,147 - INFO : Starting new HTTP connection (1): 192.168.4.1
2021-11-05 13:31:19,155 - DEBUG : "GET /board HTTP/1.1" 200 121
2021-11-05 13:31:19,206 - INFO : Starting new HTTP connection (1): 192.168.4.1
2021-11-05 13:31:19,221 - DEBUG : "POST /tcp HTTP/1.1" 200 98
2021-11-05 13:31:21,813 - INFO : ---------LOG START-------------
2021-11-05 13:31:21,816 - INFO : Starting new HTTP connection (1): 192.168.4.1
2021-11-05 13:31:26,402 - DEBUG : "GET /board HTTP/1.1" 200 121
2021-11-05 13:31:26,510 - INFO : Starting new HTTP connection (1): 192.168.4.1
2021-11-05 13:31:36,608 - DEBUG : "POST /tcp HTTP/1.1" 200 98
2021-11-05 13:31:41,067 - INFO : Starting new HTTP connection (1): 192.168.4.1
2021-11-05 13:31:43,848 - DEBUG : "GET /stream/start HTTP/1.1" 200 4
2021-11-05 13:31:43,924 - INFO : Starting new HTTP connection (1): 192.168.4.1
2021-11-05 14:37:55,217 - INFO : ---------LOG START-------------
2021-11-05 14:37:55,220 - INFO : Starting new HTTP connection (1): 192.168.4.1
2021-11-05 14:41:34,788 - INFO : ---------LOG START-------------
2021-11-05 14:41:34,791 - INFO : Starting new HTTP connection (1): 192.168.4.1
2021-11-05 14:42:38,576 - INFO : ---------LOG START-------------
2021-11-05 14:42:38,579 - INFO : Starting new HTTP connection (1): 192.168.4.1
2021-11-05 14:42:38,605 - DEBUG : "GET /board HTTP/1.1" 200 72
2021-11-05 14:42:38,655 - INFO : Starting new HTTP connection (1): 192.168.4.1
2021-11-05 14:42:38,690 - DEBUG : "POST /tcp HTTP/1.1" 200 98
2021-11-05 14:43:13,436 - INFO : Starting new HTTP connection (1): 192.168.4.1
2021-11-05 14:43:13,521 - DEBUG : "GET /stream/start HTTP/1.1" 200 4
2021-11-05 14:44:39,426 - INFO : ---------LOG START-------------
2021-11-05 14:44:39,429 - INFO : Starting new HTTP connection (1): 192.168.4.1
2021-11-05 14:44:39,442 - DEBUG : "GET /board HTTP/1.1" 200 72
2021-11-05 14:44:39,493 - INFO : Starting new HTTP connection (1): 192.168.4.1
2021-11-05 14:44:39,515 - DEBUG : "POST /tcp HTTP/1.1" 200 98
2021-11-05 14:44:42,014 - INFO : Starting new HTTP connection (1): 192.168.4.1
2021-11-05 14:44:42,037 - DEBUG : "GET /stream/start HTTP/1.1" 200 4
2021-11-05 14:45:42,322 - INFO : Starting new HTTP connection (1): 192.168.4.1
2021-11-05 14:45:43,770 - INFO : ---------LOG START-------------
2021-11-05 14:45:43,773 - INFO : Starting new HTTP connection (1): 192.168.4.1
2021-11-05 14:45:43,788 - DEBUG : "GET /board HTTP/1.1" 200 121
2021-11-05 14:45:43,838 - INFO : Starting new HTTP connection (1): 192.168.4.1
2021-11-05 14:45:43,858 - DEBUG : "POST /tcp HTTP/1.1" 200 98
2021-11-05 14:45:46,685 - INFO : Starting new HTTP connection (1): 192.168.4.1
2021-11-05 14:45:46,870 - DEBUG : "GET /stream/start HTTP/1.1" 200 4
2021-11-05 14:50:31,340 - INFO : ---------LOG START-------------
2021-11-05 14:50:31,343 - INFO : Starting new HTTP connection (1): 192.168.4.1
2021-11-05 14:50:31,356 - DEBUG : "GET /board HTTP/1.1" 200 72
2021-11-05 14:50:31,402 - INFO : Starting new HTTP connection (1): 192.168.4.1
2021-11-05 14:50:31,423 - DEBUG : "POST /tcp HTTP/1.1" 200 98
2021-11-05 14:50:36,317 - INFO : Starting new HTTP connection (1): 192.168.4.1
2021-11-05 14:50:36,327 - DEBUG : "GET /stream/start HTTP/1.1" 200 4
2021-11-17 15:08:53,622 - INFO : ---------LOG START-------------
2021-11-17 15:08:53,625 - INFO : Starting new HTTP connection (1): 192.168.0.102
2021-11-17 15:08:53,722 - DEBUG : "GET /board HTTP/1.1" 200 121
2021-11-17 15:08:53,778 - INFO : Starting new HTTP connection (1): 192.168.0.102
2021-11-17 15:08:53,795 - DEBUG : "POST /tcp HTTP/1.1" 200 100
2021-11-17 15:10:05,608 - INFO : Starting new HTTP connection (1): 192.168.0.102
2021-11-17 15:10:05,635 - DEBUG : "POST /command HTTP/1.1" 200 2
2021-11-17 15:10:05,693 - INFO : Starting new HTTP connection (1): 192.168.0.102
2021-11-17 15:10:07,033 - DEBUG : "GET /stream/start HTTP/1.1" 200 4
2021-11-17 15:10:10,432 - INFO : ---------LOG START-------------
2021-11-17 15:10:10,436 - INFO : Starting new HTTP connection (1): 192.168.0.101
2021-11-17 15:10:24,263 - INFO : ---------LOG START-------------
2021-11-17 15:10:24,265 - INFO : Starting new HTTP connection (1): 192.168.0.101
2021-11-17 15:10:57,156 - INFO : ---------LOG START-------------
2021-11-17 15:10:57,158 - INFO : Starting new HTTP connection (1): 192.168.0.101
2021-11-17 15:11:50,795 - INFO : ---------LOG START-------------
2021-11-17 15:11:50,798 - INFO : Starting new HTTP connection (1): 192.168.0.102
2021-11-17 15:12:28,327 - INFO : ---------LOG START-------------
2021-11-17 15:12:28,330 - INFO : Starting new HTTP connection (1): 192.168.0.101
2021-11-17 15:13:08,548 - INFO : ---------LOG START-------------
2021-11-17 15:13:08,550 - INFO : Starting new HTTP connection (1): 192.168.0.102
2021-11-17 15:13:08,597 - DEBUG : "GET /board HTTP/1.1" 200 121
2021-11-17 15:13:08,648 - INFO : Starting new HTTP connection (1): 192.168.0.102
2021-11-17 15:13:08,667 - DEBUG : "POST /tcp HTTP/1.1" 200 100
2021-11-17 15:13:35,194 - INFO : ---------LOG START-------------
2021-11-17 15:13:35,197 - INFO : Starting new HTTP connection (1): 192.168.0.103
2021-11-17 15:14:04,573 - INFO : ---------LOG START-------------
2021-11-17 15:14:04,576 - INFO : Starting new HTTP connection (1): 192.168.0.103
2021-11-17 15:14:37,411 - INFO : ---------LOG START-------------
2021-11-17 15:14:37,414 - INFO : Starting new HTTP connection (1): 192.168.0.100
2021-11-17 15:14:37,480 - DEBUG : "GET /board HTTP/1.1" 200 121
2021-11-17 15:14:37,545 - INFO : Starting new HTTP connection (1): 192.168.0.100
2021-11-17 15:14:37,566 - DEBUG : "POST /tcp HTTP/1.1" 200 100
2021-11-17 15:14:41,677 - INFO : Starting new HTTP connection (1): 192.168.0.100
2021-11-17 15:14:42,043 - DEBUG : "POST /command HTTP/1.1" 200 2
2021-11-17 15:14:42,122 - INFO : Starting new HTTP connection (1): 192.168.0.100
2021-11-17 15:14:42,160 - DEBUG : "GET /stream/start HTTP/1.1" 400 46
2021-11-17 15:15:01,343 - INFO : Starting new HTTP connection (1): 192.168.0.100
2021-11-17 15:15:01,442 - DEBUG : "POST /command HTTP/1.1" 400 46
2021-11-17 15:15:49,182 - INFO : ---------LOG START-------------
2021-11-17 15:15:49,185 - INFO : Starting new HTTP connection (1): 192.168.0.102
2021-11-17 15:15:49,260 - DEBUG : "GET /board HTTP/1.1" 200 121
2021-11-17 15:15:49,319 - INFO : Starting new HTTP connection (1): 192.168.0.102
2021-11-17 15:15:49,337 - DEBUG : "POST /tcp HTTP/1.1" 200 100
2021-11-17 15:15:53,992 - INFO : Starting new HTTP connection (1): 192.168.0.102
2021-11-17 15:15:54,081 - DEBUG : "POST /command HTTP/1.1" 200 2
2021-11-17 15:15:54,144 - INFO : Starting new HTTP connection (1): 192.168.0.102
2021-11-17 15:15:54,157 - DEBUG : "GET /stream/start HTTP/1.1" 200 4
2021-11-17 15:15:57,542 - INFO : ---------LOG START-------------
2021-11-17 15:15:57,545 - INFO : Starting new HTTP connection (1): 192.168.0.101
2021-11-17 15:16:02,877 - INFO : ---------LOG START-------------
2021-11-17 15:16:02,879 - INFO : Starting new HTTP connection (1): 192.168.0.100
2021-11-17 15:16:03,093 - DEBUG : "GET /board HTTP/1.1" 200 121
2021-11-17 15:16:03,148 - INFO : Starting new HTTP connection (1): 192.168.0.100
2021-11-17 15:16:03,167 - DEBUG : "POST /tcp HTTP/1.1" 200 100
2021-11-17 15:16:07,282 - INFO : Starting new HTTP connection (1): 192.168.0.100
2021-11-17 15:16:07,435 - DEBUG : "POST /command HTTP/1.1" 200 2
2021-11-17 15:16:07,495 - INFO : Starting new HTTP connection (1): 192.168.0.100
2021-11-17 15:16:07,529 - DEBUG : "GET /stream/start HTTP/1.1" 200 4
2021-11-17 15:17:42,682 - INFO : ---------LOG START-------------
2021-11-17 15:17:42,685 - INFO : Starting new HTTP connection (1): 192.168.0.100
2021-11-17 15:17:42,743 - DEBUG : "GET /board HTTP/1.1" 200 121
2021-11-17 15:17:42,816 - INFO : Starting new HTTP connection (1): 192.168.0.100
2021-11-17 15:17:42,845 - DEBUG : "POST /tcp HTTP/1.1" 200 100
2021-11-17 15:17:44,223 - INFO : Starting new HTTP connection (1): 192.168.0.100
2021-11-17 15:17:44,272 - DEBUG : "POST /command HTTP/1.1" 200 2
2021-11-17 15:17:44,322 - INFO : Starting new HTTP connection (1): 192.168.0.100
2021-11-17 15:17:44,349 - DEBUG : "GET /stream/start HTTP/1.1" 200 4
2021-11-17 15:17:49,844 - INFO : ---------LOG START-------------
2021-11-17 15:17:49,846 - INFO : Starting new HTTP connection (1): 192.168.0.102
2021-11-17 15:17:49,889 - DEBUG : "GET /board HTTP/1.1" 200 121
2021-11-17 15:17:49,941 - INFO : Starting new HTTP connection (1): 192.168.0.102
2021-11-17 15:17:49,965 - DEBUG : "POST /tcp HTTP/1.1" 200 100
2021-11-17 15:17:52,615 - INFO : Starting new HTTP connection (1): 192.168.0.102
2021-11-17 15:17:52,666 - DEBUG : "POST /command HTTP/1.1" 200 2
2021-11-17 15:17:52,727 - INFO : Starting new HTTP connection (1): 192.168.0.102
2021-11-17 15:17:52,740 - DEBUG : "GET /stream/start HTTP/1.1" 200 4
2021-11-17 15:18:23,361 - INFO : ---------LOG START-------------
2021-11-17 15:18:23,365 - INFO : Starting new HTTP connection (1): 192.168.0.100
2021-11-17 15:18:23,494 - DEBUG : "GET /board HTTP/1.1" 200 122
2021-11-17 15:18:42,185 - INFO : ---------LOG START-------------
2021-11-17 15:18:42,188 - INFO : Starting new HTTP connection (1): 192.168.0.100
2021-11-17 15:18:42,423 - DEBUG : "GET /board HTTP/1.1" 200 121
2021-11-17 15:18:42,486 - INFO : Starting new HTTP connection (1): 192.168.0.100
2021-11-17 15:18:42,529 - DEBUG : "POST /tcp HTTP/1.1" 200 100
2021-11-17 15:18:43,991 - INFO : Starting new HTTP connection (1): 192.168.0.100
2021-11-17 15:18:44,156 - DEBUG : "POST /command HTTP/1.1" 200 2
2021-11-17 15:18:44,341 - INFO : Starting new HTTP connection (1): 192.168.0.100
2021-11-17 15:18:44,516 - DEBUG : "GET /stream/start HTTP/1.1" 400 46
2021-11-17 15:18:49,598 - INFO : Starting new HTTP connection (1): 192.168.0.100
2021-11-17 15:18:49,702 - DEBUG : "POST /command HTTP/1.1" 400 46
2021-11-17 15:19:13,432 - INFO : ---------LOG START-------------
2021-11-17 15:19:13,435 - INFO : Starting new HTTP connection (1): 192.168.0.100
2021-11-17 15:19:13,653 - DEBUG : "GET /board HTTP/1.1" 200 121
2021-11-17 15:19:13,710 - INFO : Starting new HTTP connection (1): 192.168.0.100
2021-11-17 15:19:13,726 - DEBUG : "POST /tcp HTTP/1.1" 200 100
2021-11-17 15:19:17,461 - INFO : Starting new HTTP connection (1): 192.168.0.100
2021-11-17 15:19:17,560 - DEBUG : "POST /command HTTP/1.1" 200 2
2021-11-17 15:19:17,618 - INFO : Starting new HTTP connection (1): 192.168.0.100
2021-11-17 15:19:17,631 - DEBUG : "GET /stream/start HTTP/1.1" 200 4
2021-11-17 15:20:00,684 - INFO : ---------LOG START-------------
2021-11-17 15:20:00,687 - INFO : Starting new HTTP connection (1): 192.168.0.102
2021-11-17 15:20:01,101 - DEBUG : "GET /board HTTP/1.1" 200 121
2021-11-17 15:20:01,158 - INFO : Starting new HTTP connection (1): 192.168.0.102
2021-11-17 15:20:01,211 - DEBUG : "POST /tcp HTTP/1.1" 200 100
2021-11-17 15:20:04,928 - INFO : Starting new HTTP connection (1): 192.168.0.102
2021-11-17 15:20:05,091 - DEBUG : "POST /command HTTP/1.1" 200 2
2021-11-17 15:20:05,152 - INFO : Starting new HTTP connection (1): 192.168.0.102
2021-11-17 15:20:05,182 - DEBUG : "GET /stream/start HTTP/1.1" 200 4
2021-11-17 15:21:21,740 - INFO : ---------LOG START-------------
2021-11-17 15:21:21,743 - INFO : Starting new HTTP connection (1): 192.168.0.102
2021-11-17 15:21:21,868 - DEBUG : "GET /board HTTP/1.1" 200 121
2021-11-17 15:21:21,931 - INFO : Starting new HTTP connection (1): 192.168.0.102
2021-11-17 15:21:21,965 - DEBUG : "POST /tcp HTTP/1.1" 200 100
2021-11-17 15:21:26,703 - INFO : Starting new HTTP connection (1): 192.168.0.102
2021-11-17 15:21:26,844 - DEBUG : "POST /command HTTP/1.1" 200 2
2021-11-17 15:21:26,904 - INFO : Starting new HTTP connection (1): 192.168.0.102
2021-11-17 15:21:26,922 - DEBUG : "GET /stream/start HTTP/1.1" 200 4
2021-11-17 15:27:39,024 - INFO : ---------LOG START-------------
2021-11-17 15:27:39,027 - INFO : Starting new HTTP connection (1): 192.168.0.102
2021-11-17 15:27:39,271 - DEBUG : "GET /board HTTP/1.1" 200 121
2021-11-17 15:27:39,320 - INFO : Starting new HTTP connection (1): 192.168.0.102
2021-11-17 15:27:39,342 - DEBUG : "POST /tcp HTTP/1.1" 200 100
2021-11-17 15:27:44,692 - INFO : Starting new HTTP connection (1): 192.168.0.102
2021-11-17 15:27:47,820 - DEBUG : "GET /stream/start HTTP/1.1" 200 4
2021-11-17 15:27:47,894 - INFO : Starting new HTTP connection (1): 192.168.0.102
2021-11-17 15:27:47,933 - DEBUG : "POST /command HTTP/1.1" 200 2
2021-11-17 15:27:47,994 - INFO : Starting new HTTP connection (1): 192.168.0.102
2021-11-17 15:28:11,092 - INFO : ---------LOG START-------------
2021-11-17 15:28:11,095 - INFO : Starting new HTTP connection (1): 192.168.0.100
2021-11-17 15:28:11,143 - DEBUG : "GET /board HTTP/1.1" 200 121
2021-11-17 15:28:11,196 - INFO : Starting new HTTP connection (1): 192.168.0.100
2021-11-17 15:28:11,213 - DEBUG : "POST /tcp HTTP/1.1" 200 100
2021-11-17 15:28:16,275 - INFO : Starting new HTTP connection (1): 192.168.0.100
2021-11-17 15:28:16,411 - DEBUG : "POST /command HTTP/1.1" 200 2
2021-11-17 15:28:16,478 - INFO : Starting new HTTP connection (1): 192.168.0.100
2021-11-17 15:28:16,509 - DEBUG : "GET /stream/start HTTP/1.1" 200 4
2021-11-17 15:30:20,466 - INFO : ---------LOG START-------------
2021-11-17 15:30:20,468 - INFO : Starting new HTTP connection (1): 192.168.0.102
2021-11-17 15:30:42,636 - INFO : ---------LOG START-------------
2021-11-17 15:30:42,636 - INFO : Starting new HTTP connection (1): 192.168.0.102
2021-11-17 15:31:17,549 - INFO : ---------LOG START-------------
2021-11-17 15:31:17,552 - INFO : Starting new HTTP connection (1): 192.168.4.1
2021-11-17 15:31:17,560 - DEBUG : "GET /board HTTP/1.1" 200 121
2021-11-17 15:31:17,621 - INFO : Starting new HTTP connection (1): 192.168.4.1
2021-11-17 15:31:17,631 - DEBUG : "POST /tcp HTTP/1.1" 200 98
2021-11-17 15:31:19,844 - INFO : Starting new HTTP connection (1): 192.168.4.1
2021-11-17 15:31:19,865 - DEBUG : "POST /command HTTP/1.1" 200 2
2021-11-17 15:31:19,928 - INFO : Starting new HTTP connection (1): 192.168.4.1
2021-11-17 15:31:19,938 - DEBUG : "GET /stream/start HTTP/1.1" 200 4
2021-11-17 17:05:17,489 - INFO : ---------LOG START-------------
2021-11-17 17:05:17,489 - INFO : Starting new HTTP connection (1): 192.168.4.1
2021-11-17 17:05:17,509 - DEBUG : "GET /board HTTP/1.1" 200 121
2021-11-17 17:05:17,559 - INFO : Starting new HTTP connection (1): 192.168.4.1
2021-11-17 17:05:17,579 - DEBUG : "POST /tcp HTTP/1.1" 200 98
2021-11-17 17:05:27,762 - INFO : Starting new HTTP connection (1): 192.168.4.1
2021-11-17 17:05:27,782 - DEBUG : "POST /command HTTP/1.1" 200 2
2021-11-17 17:05:27,832 - INFO : Starting new HTTP connection (1): 192.168.4.1
2021-11-17 17:05:27,841 - DEBUG : "GET /stream/start HTTP/1.1" 200 4
2021-11-17 17:06:12,671 - INFO : ---------LOG START-------------
2021-11-17 17:06:12,673 - INFO : Starting new HTTP connection (1): 192.168.4.1
2021-11-17 17:15:32,973 - INFO : ---------LOG START-------------
2021-11-17 17:15:32,976 - INFO : Starting new HTTP connection (1): 192.168.4.1
2021-11-17 17:15:32,985 - DEBUG : "GET /board HTTP/1.1" 200 121
2021-11-17 17:15:33,040 - INFO : Starting new HTTP connection (1): 192.168.4.1
2021-11-17 17:15:33,053 - DEBUG : "POST /tcp HTTP/1.1" 200 98
2021-11-17 17:15:41,266 - INFO : Starting new HTTP connection (1): 192.168.4.1
2021-11-17 17:15:41,273 - DEBUG : "GET /stream/start HTTP/1.1" 200 4
2021-11-17 17:23:13,530 - INFO : ---------LOG START-------------
2021-11-17 17:23:13,533 - INFO : Starting new HTTP connection (1): 192.168.4.1
2021-11-17 17:23:44,882 - INFO : ---------LOG START-------------
2021-11-17 17:23:44,884 - INFO : Starting new HTTP connection (1): 192.168.0.101
2021-11-17 17:23:54,323 - INFO : ---------LOG START-------------
2021-11-17 17:23:54,325 - INFO : Starting new HTTP connection (1): 192.168.0.100
2021-11-17 17:24:54,227 - INFO : ---------LOG START-------------
2021-11-17 17:24:54,229 - INFO : Starting new HTTP connection (1): 192.168.0.101
2021-11-17 17:24:58,570 - INFO : ---------LOG START-------------
2021-11-17 17:24:58,573 - INFO : Starting new HTTP connection (1): 192.168.0.102
2021-11-17 17:25:07,335 - INFO : ---------LOG START-------------
2021-11-17 17:25:07,338 - INFO : Starting new HTTP connection (1): 192.168.0.100
2021-11-17 17:25:38,147 - INFO : ---------LOG START-------------
2021-11-17 17:25:38,149 - INFO : Starting new HTTP connection (1): 192.168.0.102
2021-11-17 17:25:38,267 - DEBUG : "GET /board HTTP/1.1" 200 121
2021-11-17 17:25:38,323 - INFO : Starting new HTTP connection (1): 192.168.0.102
2021-11-17 17:25:38,344 - DEBUG : "POST /tcp HTTP/1.1" 200 100
2021-11-17 17:25:47,704 - INFO : Starting new HTTP connection (1): 192.168.0.102
2021-11-17 17:25:47,808 - DEBUG : "POST /command HTTP/1.1" 200 2
2021-11-17 17:25:47,872 - INFO : Starting new HTTP connection (1): 192.168.0.102
2021-11-17 17:25:47,891 - DEBUG : "GET /stream/start HTTP/1.1" 200 4
2021-11-17 17:25:53,443 - INFO : ---------LOG START-------------
2021-11-17 17:25:53,445 - INFO : Starting new HTTP connection (1): 192.168.0.100
2021-11-17 17:25:54,439 - DEBUG : "GET /board HTTP/1.1" 200 121
2021-11-17 17:25:54,488 - INFO : Starting new HTTP connection (1): 192.168.0.100
2021-11-17 17:25:54,507 - DEBUG : "POST /tcp HTTP/1.1" 200 100
2021-11-17 17:25:57,256 - INFO : Starting new HTTP connection (1): 192.168.0.100
2021-11-17 17:25:57,318 - DEBUG : "POST /command HTTP/1.1" 200 2
2021-11-17 17:25:57,370 - INFO : Starting new HTTP connection (1): 192.168.0.100
2021-11-17 17:25:57,380 - DEBUG : "GET /stream/start HTTP/1.1" 200 4
2021-11-17 17:28:15,659 - INFO : ---------LOG START-------------
2021-11-17 17:28:15,662 - INFO : Starting new HTTP connection (1): 192.168.0.102
2021-11-17 17:28:15,747 - DEBUG : "GET /board HTTP/1.1" 200 121
2021-11-17 17:28:15,805 - INFO : Starting new HTTP connection (1): 192.168.0.102
2021-11-17 17:28:15,824 - DEBUG : "POST /tcp HTTP/1.1" 200 100
2021-11-17 17:28:34,112 - INFO : Starting new HTTP connection (1): 192.168.0.102
2021-11-17 17:28:34,188 - DEBUG : "POST /command HTTP/1.1" 200 2
2021-11-17 17:28:34,251 - INFO : Starting new HTTP connection (1): 192.168.0.102
2021-11-17 17:28:34,263 - DEBUG : "GET /stream/start HTTP/1.1" 200 4
2021-11-17 17:33:00,734 - INFO : ---------LOG START-------------
2021-11-17 17:33:00,744 - INFO : Starting new HTTP connection (1): 192.168.0.102
2021-11-17 17:33:00,824 - DEBUG : "GET /board HTTP/1.1" 200 122
2021-11-17 17:33:18,335 - INFO : ---------LOG START-------------
2021-11-17 17:33:18,335 - INFO : Starting new HTTP connection (1): 192.168.0.100
2021-11-17 17:33:22,893 - DEBUG : "GET /board HTTP/1.1" 200 121
2021-11-17 17:33:22,945 - INFO : Starting new HTTP connection (1): 192.168.0.100
2021-11-17 17:33:22,962 - DEBUG : "POST /tcp HTTP/1.1" 200 100
2021-11-17 17:33:28,336 - INFO : Starting new HTTP connection (1): 192.168.0.100
2021-11-17 17:33:28,398 - DEBUG : "POST /command HTTP/1.1" 200 2
2021-11-17 17:33:28,451 - INFO : Starting new HTTP connection (1): 192.168.0.100
2021-11-17 17:33:28,461 - DEBUG : "GET /stream/start HTTP/1.1" 200 4
2021-11-17 17:34:17,587 - INFO : ---------LOG START-------------
2021-11-17 17:34:17,589 - INFO : Starting new HTTP connection (1): 192.168.0.102
2021-11-17 17:34:20,866 - DEBUG : "GET /board HTTP/1.1" 200 73
2021-11-17 17:34:34,463 - INFO : ---------LOG START-------------
2021-11-17 17:34:34,463 - INFO : Starting new HTTP connection (1): 192.168.0.102
2021-11-17 17:34:34,523 - DEBUG : "GET /board HTTP/1.1" 200 121
2021-11-17 17:34:34,573 - INFO : Starting new HTTP connection (1): 192.168.0.102
2021-11-17 17:34:34,593 - DEBUG : "POST /tcp HTTP/1.1" 200 100
2021-11-17 17:34:40,433 - INFO : Starting new HTTP connection (1): 192.168.0.102
2021-11-17 17:34:40,484 - DEBUG : "POST /command HTTP/1.1" 200 2
2021-11-17 17:34:40,534 - INFO : Starting new HTTP connection (1): 192.168.0.102
2021-11-17 17:34:40,557 - DEBUG : "GET /stream/start HTTP/1.1" 200 4
2021-11-17 17:36:00,269 - INFO : ---------LOG START-------------
2021-11-17 17:36:00,271 - INFO : Starting new HTTP connection (1): 192.168.0.101
2021-11-17 17:36:05,586 - INFO : ---------LOG START-------------
2021-11-17 17:36:05,589 - INFO : Starting new HTTP connection (1): 192.168.0.100
2021-11-17 17:36:05,600 - DEBUG : "GET /board HTTP/1.1" 200 121
2021-11-17 17:36:05,697 - INFO : Starting new HTTP connection (1): 192.168.0.100
2021-11-17 17:36:05,717 - DEBUG : "POST /tcp HTTP/1.1" 200 100
2021-11-17 17:36:07,287 - INFO : Starting new HTTP connection (1): 192.168.0.100
2021-11-17 17:36:07,409 - DEBUG : "POST /command HTTP/1.1" 200 2
2021-11-17 17:36:07,465 - INFO : Starting new HTTP connection (1): 192.168.0.100
2021-11-17 17:36:07,477 - DEBUG : "GET /stream/start HTTP/1.1" 200 4
2021-11-17 17:36:11,469 - INFO : ---------LOG START-------------
2021-11-17 17:36:11,472 - INFO : Starting new HTTP connection (1): 192.168.0.102
2021-11-17 17:36:11,603 - DEBUG : "GET /board HTTP/1.1" 200 122
2021-11-17 17:36:34,788 - INFO : ---------LOG START-------------
2021-11-17 17:36:34,791 - INFO : Starting new HTTP connection (1): 192.168.0.101
2021-11-17 17:36:39,521 - INFO : ---------LOG START-------------
2021-11-17 17:36:39,524 - INFO : Starting new HTTP connection (1): 192.168.0.100
2021-11-17 17:36:39,536 - DEBUG : "GET /board HTTP/1.1" 200 121
2021-11-17 17:36:39,587 - INFO : Starting new HTTP connection (1): 192.168.0.100
2021-11-17 17:36:39,603 - DEBUG : "POST /tcp HTTP/1.1" 200 100
2021-11-17 17:36:42,632 - INFO : Starting new HTTP connection (1): 192.168.0.100
2021-11-17 17:36:42,754 - DEBUG : "POST /command HTTP/1.1" 200 2
2021-11-17 17:36:42,816 - INFO : Starting new HTTP connection (1): 192.168.0.100
2021-11-17 17:36:42,831 - DEBUG : "GET /stream/start HTTP/1.1" 200 4
2021-11-17 17:36:57,962 - INFO : ---------LOG START-------------
2021-11-17 17:36:57,965 - INFO : Starting new HTTP connection (1): 192.168.0.102
2021-11-17 17:36:58,252 - DEBUG : "GET /board HTTP/1.1" 200 121
2021-11-17 17:36:58,310 - INFO : Starting new HTTP connection (1): 192.168.0.102
2021-11-17 17:36:58,359 - DEBUG : "POST /tcp HTTP/1.1" 200 100
2021-11-17 17:37:03,080 - INFO : Starting new HTTP connection (1): 192.168.0.102
2021-11-17 17:37:03,219 - DEBUG : "POST /command HTTP/1.1" 200 2
2021-11-17 17:37:03,276 - INFO : Starting new HTTP connection (1): 192.168.0.102
2021-11-17 17:37:03,289 - DEBUG : "GET /stream/start HTTP/1.1" 200 4
2021-11-17 17:39:38,395 - INFO : ---------LOG START-------------
2021-11-17 17:39:40,193 - INFO : Starting new HTTP connection (1): 192.168.0.102
2021-11-17 17:39:40,206 - DEBUG : "GET /description.xml HTTP/1.1" 200 None
2021-11-17 17:39:42,220 - INFO : Starting new HTTP connection (1): 192.168.0.102
2021-11-17 17:39:42,235 - DEBUG : "GET /board HTTP/1.1" 200 121
2021-11-17 17:39:42,283 - INFO : Starting new HTTP connection (1): 192.168.0.102
2021-11-17 17:39:42,301 - DEBUG : "POST /tcp HTTP/1.1" 200 100
2021-11-17 17:39:42,364 - INFO : Starting new HTTP connection (1): 192.168.0.100
2021-11-17 17:39:42,444 - DEBUG : "GET /description.xml HTTP/1.1" 200 None
2021-11-17 17:39:44,449 - INFO : Starting new HTTP connection (1): 192.168.0.100
2021-11-17 17:39:44,463 - DEBUG : "GET /board HTTP/1.1" 200 121
2021-11-17 17:39:44,514 - INFO : Starting new HTTP connection (1): 192.168.0.100
2021-11-17 17:39:44,535 - DEBUG : "POST /tcp HTTP/1.1" 200 100
2021-11-17 17:39:47,607 - INFO : Starting new HTTP connection (1): 192.168.0.100
2021-11-17 17:39:47,664 - DEBUG : "GET /board HTTP/1.1" 200 121
2021-11-17 17:39:47,716 - INFO : Starting new HTTP connection (1): 192.168.0.100
2021-11-17 17:39:47,735 - DEBUG : "POST /tcp HTTP/1.1" 200 100
2021-11-17 17:39:54,096 - INFO : Starting new HTTP connection (1): 192.168.0.100
2021-11-17 17:39:54,239 - DEBUG : "POST /command HTTP/1.1" 200 2
2021-11-17 17:39:54,291 - INFO : Starting new HTTP connection (1): 192.168.0.100
2021-11-17 17:39:54,304 - DEBUG : "GET /stream/start HTTP/1.1" 200 4
2021-11-17 17:40:06,639 - INFO : ---------LOG START-------------
2021-11-17 17:40:09,142 - INFO : Starting new HTTP connection (1): 192.168.0.102
2021-11-17 17:40:09,155 - DEBUG : "GET /description.xml HTTP/1.1" 200 None
2021-11-17 17:40:11,162 - INFO : Starting new HTTP connection (1): 192.168.0.102
2021-11-17 17:40:11,173 - DEBUG : "GET /board HTTP/1.1" 200 121
2021-11-17 17:40:11,227 - INFO : Starting new HTTP connection (1): 192.168.0.102
2021-11-17 17:40:11,245 - DEBUG : "POST /tcp HTTP/1.1" 200 100
2021-11-17 17:40:11,305 - INFO : Starting new HTTP connection (1): 192.168.0.100
2021-11-17 17:40:11,420 - DEBUG : "GET /description.xml HTTP/1.1" 200 None
2021-11-17 17:40:13,428 - INFO : Starting new HTTP connection (1): 192.168.0.100
2021-11-17 17:40:13,441 - DEBUG : "GET /board HTTP/1.1" 200 122
2021-11-17 17:41:16,154 - INFO : ---------LOG START-------------
2021-11-17 17:41:18,136 - INFO : Starting new HTTP connection (1): 192.168.0.102
2021-11-17 17:41:18,155 - DEBUG : "GET /description.xml HTTP/1.1" 200 None
2021-11-17 17:41:20,158 - INFO : Starting new HTTP connection (1): 192.168.0.102
2021-11-17 17:41:20,171 - DEBUG : "GET /board HTTP/1.1" 200 121
2021-11-17 17:41:20,230 - INFO : Starting new HTTP connection (1): 192.168.0.102
2021-11-17 17:41:20,266 - DEBUG : "POST /tcp HTTP/1.1" 200 100
2021-11-17 17:41:20,322 - INFO : Starting new HTTP connection (1): 192.168.0.100
2021-11-17 17:41:20,438 - DEBUG : "GET /description.xml HTTP/1.1" 200 None
2021-11-17 17:41:22,446 - INFO : Starting new HTTP connection (1): 192.168.0.100
2021-11-17 17:41:22,458 - DEBUG : "GET /board HTTP/1.1" 200 121
2021-11-17 17:41:22,515 - INFO : Starting new HTTP connection (1): 192.168.0.100
2021-11-17 17:41:22,533 - DEBUG : "POST /tcp HTTP/1.1" 200 100
2021-11-17 17:41:25,610 - INFO : Starting new HTTP connection (1): 192.168.0.102
2021-11-17 17:41:25,662 - DEBUG : "GET /board HTTP/1.1" 200 121
2021-11-17 17:41:25,722 - INFO : Starting new HTTP connection (1): 192.168.0.102
2021-11-17 17:41:25,742 - DEBUG : "POST /tcp HTTP/1.1" 200 100
2021-11-17 17:41:28,561 - INFO : Starting new HTTP connection (1): 192.168.0.102
2021-11-17 17:41:28,635 - DEBUG : "POST /command HTTP/1.1" 200 2
2021-11-17 17:41:28,695 - INFO : Starting new HTTP connection (1): 192.168.0.102
2021-11-17 17:41:28,712 - DEBUG : "GET /stream/start HTTP/1.1" 200 4
2021-11-17 17:42:02,979 - INFO : ---------LOG START-------------
2021-11-17 17:42:02,981 - INFO : Starting new HTTP connection (1): 192.168.0.102
2021-11-17 17:42:03,048 - DEBUG : "GET /board HTTP/1.1" 200 121
2021-11-17 17:42:03,105 - INFO : Starting new HTTP connection (1): 192.168.0.102
2021-11-17 17:42:03,126 - DEBUG : "POST /tcp HTTP/1.1" 200 100
2021-11-17 17:42:06,361 - INFO : Starting new HTTP connection (1): 192.168.0.102
2021-11-17 17:42:06,432 - DEBUG : "POST /command HTTP/1.1" 200 2
2021-11-17 17:42:06,482 - INFO : Starting new HTTP connection (1): 192.168.0.102
2021-11-17 17:42:06,496 - DEBUG : "GET /stream/start HTTP/1.1" 200 4
2021-11-17 17:45:22,958 - INFO : ---------LOG START-------------
2021-11-17 17:45:22,962 - INFO : Starting new HTTP connection (1): 192.168.0.102
2021-11-17 17:45:23,035 - DEBUG : "GET /board HTTP/1.1" 200 121
2021-11-17 17:45:23,089 - INFO : Starting new HTTP connection (1): 192.168.0.102
2021-11-17 17:45:23,105 - DEBUG : "POST /tcp HTTP/1.1" 200 100
2021-11-17 17:45:25,737 - INFO : Starting new HTTP connection (1): 192.168.0.102
2021-11-17 17:45:25,810 - DEBUG : "POST /command HTTP/1.1" 200 2
2021-11-17 17:45:25,862 - INFO : Starting new HTTP connection (1): 192.168.0.102
2021-11-17 17:45:25,877 - DEBUG : "GET /stream/start HTTP/1.1" 200 4
2021-11-18 10:35:39,423 - INFO : ---------LOG START-------------
2021-11-18 10:35:39,426 - INFO : Starting new HTTP connection (1): 192.168.0.102
2021-11-18 10:37:02,793 - INFO : ---------LOG START-------------
2021-11-18 10:37:02,796 - INFO : Starting new HTTP connection (1): 192.168.0.102
2021-11-18 10:41:03,223 - INFO : ---------LOG START-------------
2021-11-18 10:41:03,227 - INFO : Starting new HTTP connection (1): 192.168.0.102
2021-11-18 10:41:18,971 - INFO : ---------LOG START-------------
2021-11-18 10:41:20,166 - INFO : Starting new HTTP connection (1): 192.168.0.101
2021-11-18 10:41:20,176 - DEBUG : "GET /description.xml HTTP/1.1" 200 None
2021-11-18 10:41:22,191 - INFO : Starting new HTTP connection (1): 192.168.0.101
2021-11-18 10:41:22,199 - DEBUG : "GET /board HTTP/1.1" 200 121
2021-11-18 10:41:22,248 - INFO : Starting new HTTP connection (1): 192.168.0.101
2021-11-18 10:41:22,264 - DEBUG : "POST /tcp HTTP/1.1" 200 100
2021-11-18 10:41:22,315 - INFO : Starting new HTTP connection (1): 192.168.0.100
2021-11-18 10:41:22,384 - DEBUG : "GET /description.xml HTTP/1.1" 200 None
2021-11-18 10:41:24,385 - INFO : Starting new HTTP connection (1): 192.168.0.100
2021-11-18 10:41:24,395 - DEBUG : "GET /board HTTP/1.1" 200 121
2021-11-18 10:41:24,442 - INFO : Starting new HTTP connection (1): 192.168.0.100
2021-11-18 10:41:24,454 - DEBUG : "POST /tcp HTTP/1.1" 200 100
2021-11-18 10:41:27,524 - INFO : Starting new HTTP connection (1): 192.168.0.100
2021-11-18 10:41:27,542 - DEBUG : "GET /board HTTP/1.1" 200 121
2021-11-18 10:41:27,609 - INFO : Starting new HTTP connection (1): 192.168.0.100
2021-11-18 10:41:27,650 - DEBUG : "POST /tcp HTTP/1.1" 200 100
2021-11-18 10:42:51,975 - INFO : ---------LOG START-------------
2021-11-18 10:42:51,978 - INFO : Starting new HTTP connection (1): 192.168.0.100
2021-11-18 10:42:51,986 - DEBUG : "GET /board HTTP/1.1" 200 121
2021-11-18 10:42:52,047 - INFO : Starting new HTTP connection (1): 192.168.0.100
2021-11-18 10:42:52,061 - DEBUG : "POST /tcp HTTP/1.1" 200 100
2021-11-18 10:42:57,854 - INFO : Starting new HTTP connection (1): 192.168.0.100
2021-11-18 10:42:57,943 - DEBUG : "POST /command HTTP/1.1" 200 2
2021-11-18 10:42:58,001 - INFO : Starting new HTTP connection (1): 192.168.0.100
2021-11-18 10:42:58,018 - DEBUG : "GET /stream/start HTTP/1.1" 200 4
2021-11-18 10:43:08,676 - INFO : ---------LOG START-------------
2021-11-18 10:43:08,679 - INFO : Starting new HTTP connection (1): 192.168.0.101
2021-11-18 10:43:08,777 - DEBUG : "GET /board HTTP/1.1" 200 121
2021-11-18 10:43:08,828 - INFO : Starting new HTTP connection (1): 192.168.0.101
2021-11-18 10:43:08,842 - DEBUG : "POST /tcp HTTP/1.1" 200 100
2021-11-18 10:43:15,054 - INFO : Starting new HTTP connection (1): 192.168.0.101
2021-11-18 10:43:15,146 - DEBUG : "POST /command HTTP/1.1" 200 2
2021-11-18 10:43:15,199 - INFO : Starting new HTTP connection (1): 192.168.0.101
2021-11-18 10:43:15,208 - DEBUG : "GET /stream/start HTTP/1.1" 200 4
2021-11-18 10:44:17,395 - INFO : ---------LOG START-------------
2021-11-18 10:44:17,509 - INFO : Starting new HTTP connection (1): 192.168.0.100
2021-11-18 10:44:17,524 - DEBUG : "GET /description.xml HTTP/1.1" 200 None
2021-11-18 10:44:19,527 - INFO : Starting new HTTP connection (1): 192.168.0.100
2021-11-18 10:44:19,544 - DEBUG : "GET /board HTTP/1.1" 200 121
2021-11-18 10:44:19,605 - INFO : Starting new HTTP connection (1): 192.168.0.100
2021-11-18 10:44:19,623 - DEBUG : "POST /tcp HTTP/1.1" 200 100
2021-11-18 10:44:19,688 - INFO : Starting new HTTP connection (1): 192.168.0.101
2021-11-18 10:44:19,698 - DEBUG : "GET /description.xml HTTP/1.1" 200 None
2021-11-18 10:44:21,704 - INFO : Starting new HTTP connection (1): 192.168.0.101
2021-11-18 10:44:21,713 - DEBUG : "GET /board HTTP/1.1" 200 121
2021-11-18 10:44:21,770 - INFO : Starting new HTTP connection (1): 192.168.0.101
2021-11-18 10:44:21,795 - DEBUG : "POST /tcp HTTP/1.1" 200 100
2021-11-18 10:45:04,544 - INFO : ---------LOG START-------------
2021-11-18 10:45:04,546 - INFO : Starting new HTTP connection (1): 192.168.0.101
2021-11-18 10:45:04,591 - DEBUG : "GET /board HTTP/1.1" 200 121
2021-11-18 10:45:04,652 - INFO : Starting new HTTP connection (1): 192.168.0.101
2021-11-18 10:45:04,668 - DEBUG : "POST /tcp HTTP/1.1" 200 100
2021-11-18 10:45:09,969 - INFO : ---------LOG START-------------
2021-11-18 10:45:12,510 - INFO : Starting new HTTP connection (1): 192.168.0.100
2021-11-18 10:45:12,520 - DEBUG : "GET /description.xml HTTP/1.1" 200 None
2021-11-18 10:45:29,099 - INFO : ---------LOG START-------------
2021-11-18 10:45:29,102 - INFO : Starting new HTTP connection (1): 192.168.0.100
2021-11-18 10:45:29,110 - DEBUG : "GET /board HTTP/1.1" 200 121
2021-11-18 10:45:29,156 - INFO : Starting new HTTP connection (1): 192.168.0.100
2021-11-18 10:45:29,178 - DEBUG : "POST /tcp HTTP/1.1" 200 100
2021-11-18 10:45:36,622 - INFO : Starting new HTTP connection (1): 192.168.0.100
2021-11-18 10:45:36,782 - DEBUG : "POST /command HTTP/1.1" 200 2
2021-11-18 10:45:36,853 - INFO : Starting new HTTP connection (1): 192.168.0.100
2021-11-18 10:45:36,884 - DEBUG : "GET /stream/start HTTP/1.1" 400 46
2021-11-18 10:46:40,069 - INFO : ---------LOG START-------------
2021-11-18 10:46:40,072 - INFO : Starting new HTTP connection (1): 192.168.0.101
2021-11-18 10:46:40,082 - DEBUG : "GET /board HTTP/1.1" 200 121
2021-11-18 10:46:40,135 - INFO : Starting new HTTP connection (1): 192.168.0.101
2021-11-18 10:46:40,152 - DEBUG : "POST /tcp HTTP/1.1" 200 100
2021-11-18 10:46:55,808 - INFO : ---------LOG START-------------
2021-11-18 10:46:55,813 - INFO : Starting new HTTP connection (1): 192.168.0.100
2021-11-18 10:46:55,911 - DEBUG : "GET /board HTTP/1.1" 200 121
2021-11-18 10:46:55,960 - INFO : Starting new HTTP connection (1): 192.168.0.100
2021-11-18 10:46:55,974 - DEBUG : "POST /tcp HTTP/1.1" 200 100
2021-11-18 10:47:15,531 - INFO : ---------LOG START-------------
2021-11-18 10:47:15,533 - INFO : Starting new HTTP connection (1): 192.168.0.101
2021-11-18 10:47:15,561 - DEBUG : "GET /board HTTP/1.1" 200 121
2021-11-18 10:47:15,622 - INFO : Starting new HTTP connection (1): 192.168.0.101
2021-11-18 10:47:15,635 - DEBUG : "POST /tcp HTTP/1.1" 200 100
2021-11-18 10:47:17,724 - INFO : Starting new HTTP connection (1): 192.168.0.101
2021-11-18 10:47:17,822 - DEBUG : "POST /command HTTP/1.1" 200 2
2021-11-18 10:47:17,878 - INFO : Starting new HTTP connection (1): 192.168.0.101
2021-11-18 10:47:17,888 - DEBUG : "GET /stream/start HTTP/1.1" 200 4
2021-11-18 10:49:26,770 - INFO : ---------LOG START-------------
2021-11-18 10:49:26,773 - INFO : Starting new HTTP connection (1): 192.168.0.100
2021-11-18 10:49:26,853 - DEBUG : "GET /board HTTP/1.1" 200 121
2021-11-18 10:49:26,909 - INFO : Starting new HTTP connection (1): 192.168.0.100
2021-11-18 10:49:26,943 - DEBUG : "POST /tcp HTTP/1.1" 200 100
2021-11-18 10:49:29,764 - INFO : Starting new HTTP connection (1): 192.168.0.100
2021-11-18 10:49:29,818 - DEBUG : "POST /command HTTP/1.1" 200 2
2021-11-18 10:49:29,876 - INFO : Starting new HTTP connection (1): 192.168.0.100
2021-11-18 10:49:29,916 - DEBUG : "GET /stream/start HTTP/1.1" 200 4
2021-11-18 10:50:18,563 - INFO : ---------LOG START-------------
2021-11-18 10:50:20,087 - INFO : Starting new HTTP connection (1): 192.168.0.100
2021-11-18 10:50:20,112 - DEBUG : "GET /description.xml HTTP/1.1" 200 None
2021-11-18 10:50:22,112 - INFO : Starting new HTTP connection (1): 192.168.0.100
2021-11-18 10:50:22,143 - DEBUG : "GET /board HTTP/1.1" 200 121
2021-11-18 10:50:22,208 - INFO : Starting new HTTP connection (1): 192.168.0.100
2021-11-18 10:50:22,271 - DEBUG : "POST /tcp HTTP/1.1" 200 100
2021-11-18 10:50:32,702 - INFO : Starting new HTTP connection (1): 192.168.0.100
2021-11-18 10:50:32,812 - DEBUG : "POST /command HTTP/1.1" 200 2
2021-11-18 10:50:32,871 - INFO : Starting new HTTP connection (1): 192.168.0.100
2021-11-18 10:50:32,886 - DEBUG : "GET /stream/start HTTP/1.1" 200 4
2021-11-18 10:52:39,239 - INFO : ---------LOG START-------------
2021-11-18 10:52:41,585 - INFO : Starting new HTTP connection (1): 192.168.0.100
2021-11-18 10:52:41,599 - DEBUG : "GET /description.xml HTTP/1.1" 200 None
2021-11-18 10:52:43,604 - INFO : Starting new HTTP connection (1): 192.168.0.100
2021-11-18 10:52:43,620 - DEBUG : "GET /board HTTP/1.1" 200 121
2021-11-18 10:52:43,691 - INFO : Starting new HTTP connection (1): 192.168.0.100
2021-11-18 10:52:43,740 - DEBUG : "POST /tcp HTTP/1.1" 200 100
2021-11-18 10:52:50,595 - INFO : Starting new HTTP connection (1): 192.168.0.100
2021-11-18 10:52:50,675 - DEBUG : "POST /command HTTP/1.1" 200 2
2021-11-18 10:52:50,749 - INFO : Starting new HTTP connection (1): 192.168.0.100
2021-11-18 10:52:50,769 - DEBUG : "GET /stream/start HTTP/1.1" 200 4
2021-11-18 11:02:11,044 - INFO : ---------LOG START-------------
2021-11-18 11:02:11,962 - INFO : Starting new HTTP connection (1): 192.168.0.100
2021-11-18 11:02:12,019 - DEBUG : "GET /description.xml HTTP/1.1" 200 None
2021-11-18 11:02:14,005 - INFO : Starting new HTTP connection (1): 192.168.0.100
2021-11-18 11:02:14,045 - DEBUG : "GET /board HTTP/1.1" 200 121
2021-11-18 11:02:14,118 - INFO : Starting new HTTP connection (1): 192.168.0.100
2021-11-18 11:02:14,167 - DEBUG : "POST /tcp HTTP/1.1" 200 100
2021-11-18 11:02:17,358 - INFO : Starting new HTTP connection (1): 192.168.0.100
2021-11-18 11:02:17,407 - DEBUG : "GET /stream/start HTTP/1.1" 200 4
2021-11-18 11:05:55,846 - INFO : ---------LOG START-------------
2021-11-18 11:05:55,849 - INFO : Starting new HTTP connection (1): 192.168.0.101
2021-11-18 11:05:55,926 - DEBUG : "GET /board HTTP/1.1" 200 96
2021-11-18 11:05:55,984 - INFO : Starting new HTTP connection (1): 192.168.0.101
2021-11-18 11:05:56,014 - DEBUG : "POST /tcp HTTP/1.1" 200 100
2021-11-18 11:05:59,100 - INFO : Starting new HTTP connection (1): 192.168.0.101
2021-11-18 11:05:59,206 - DEBUG : "GET /stream/start HTTP/1.1" 200 4
2021-11-18 11:06:46,973 - INFO : ---------LOG START-------------
2021-11-18 11:06:46,976 - INFO : Starting new HTTP connection (1): 192.168.0.101
2021-11-18 11:06:47,070 - DEBUG : "GET /board HTTP/1.1" 200 121
2021-11-18 11:06:47,132 - INFO : Starting new HTTP connection (1): 192.168.0.101
2021-11-18 11:06:47,152 - DEBUG : "POST /tcp HTTP/1.1" 200 100
2021-11-18 11:06:48,599 - INFO : ---------LOG START-------------
2021-11-18 11:06:48,602 - INFO : Starting new HTTP connection (1): 192.168.0.101
2021-11-18 11:06:48,664 - DEBUG : "GET /board HTTP/1.1" 200 121
2021-11-18 11:06:48,710 - INFO : Starting new HTTP connection (1): 192.168.0.101
2021-11-18 11:06:48,736 - DEBUG : "POST /tcp HTTP/1.1" 200 100
2021-11-18 11:06:50,692 - INFO : Starting new HTTP connection (1): 192.168.0.101
2021-11-18 11:06:50,821 - DEBUG : "GET /stream/start HTTP/1.1" 200 4
2021-11-18 11:06:54,467 - INFO : ---------LOG START-------------
2021-11-18 11:06:57,012 - INFO : Starting new HTTP connection (1): 192.168.0.100
2021-11-18 11:06:57,073 - DEBUG : "GET /description.xml HTTP/1.1" 200 None
2021-11-18 11:06:59,075 - INFO : Starting new HTTP connection (1): 192.168.0.100
2021-11-18 11:06:59,150 - DEBUG : "GET /board HTTP/1.1" 200 121
2021-11-18 11:06:59,205 - INFO : Starting new HTTP connection (1): 192.168.0.100
2021-11-18 11:06:59,231 - DEBUG : "POST /tcp HTTP/1.1" 200 100
2021-11-18 11:06:59,308 - INFO : Starting new HTTP connection (1): 192.168.0.101
2021-11-18 11:06:59,323 - DEBUG : "GET /description.xml HTTP/1.1" 200 None
2021-11-18 11:07:01,335 - INFO : Starting new HTTP connection (1): 192.168.0.101
2021-11-18 11:07:01,353 - DEBUG : "GET /board HTTP/1.1" 200 121
2021-11-18 11:07:01,417 - INFO : Starting new HTTP connection (1): 192.168.0.101
2021-11-18 11:07:01,460 - DEBUG : "POST /tcp HTTP/1.1" 200 100
2021-11-18 11:07:30,696 - INFO : ---------LOG START-------------
2021-11-18 11:07:30,700 - INFO : Starting new HTTP connection (1): 192.168.0.101
2021-11-18 11:07:30,774 - DEBUG : "GET /board HTTP/1.1" 200 121
2021-11-18 11:07:30,840 - INFO : Starting new HTTP connection (1): 192.168.0.101
2021-11-18 11:07:30,867 - DEBUG : "POST /tcp HTTP/1.1" 200 100
2021-11-18 11:07:54,476 - INFO : Starting new HTTP connection (1): 192.168.0.101
2021-11-18 11:07:54,509 - DEBUG : "GET /stream/start HTTP/1.1" 200 4
2021-11-18 11:08:05,342 - INFO : ---------LOG START-------------
2021-11-18 11:08:05,344 - INFO : Starting new HTTP connection (1): 192.168.0.100
2021-11-18 11:08:05,481 - DEBUG : "GET /board HTTP/1.1" 200 121
2021-11-18 11:08:05,539 - INFO : Starting new HTTP connection (1): 192.168.0.100
2021-11-18 11:08:05,598 - DEBUG : "POST /tcp HTTP/1.1" 200 100
2021-11-18 11:08:07,365 - INFO : Starting new HTTP connection (1): 192.168.0.100
2021-11-18 11:08:07,427 - DEBUG : "GET /stream/start HTTP/1.1" 200 4
2021-11-18 11:15:51,142 - INFO : Starting new HTTP connection (1): 192.168.0.101
2021-11-18 11:17:11,985 - INFO : ---------LOG START-------------
2021-11-18 11:17:11,988 - INFO : Starting new HTTP connection (1): 192.168.0.101
2021-11-18 11:17:36,927 - INFO : ---------LOG START-------------
2021-11-18 11:17:36,930 - INFO : Starting new HTTP connection (1): 192.168.0.101
2021-11-18 11:18:00,696 - INFO : ---------LOG START-------------
2021-11-18 11:18:00,699 - INFO : Starting new HTTP connection (1): 192.168.0.100
2021-11-18 11:18:00,811 - DEBUG : "GET /board HTTP/1.1" 200 121
2021-11-18 11:18:00,861 - INFO : Starting new HTTP connection (1): 192.168.0.100
2021-11-18 11:18:00,876 - DEBUG : "POST /tcp HTTP/1.1" 200 100
2021-11-18 11:18:12,142 - INFO : Starting new HTTP connection (1): 192.168.0.100
2021-11-18 11:18:12,179 - DEBUG : "GET /stream/start HTTP/1.1" 200 4
2021-11-18 11:18:12,231 - INFO : Starting new HTTP connection (1): 192.168.0.100
2021-11-18 11:18:12,259 - DEBUG : "POST /command HTTP/1.1" 200 2
2021-11-18 11:19:38,534 - INFO : ---------LOG START-------------
2021-11-18 11:19:38,537 - INFO : Starting new HTTP connection (1): 192.168.0.101
2021-11-18 11:19:38,605 - DEBUG : "GET /board HTTP/1.1" 200 121
2021-11-18 11:19:38,656 - INFO : Starting new HTTP connection (1): 192.168.0.101
2021-11-18 11:19:38,673 - DEBUG : "POST /tcp HTTP/1.1" 200 100
2021-11-18 11:19:52,724 - INFO : Starting new HTTP connection (1): 192.168.0.101
2021-11-18 11:19:52,846 - DEBUG : "GET /stream/start HTTP/1.1" 200 4
2021-11-18 11:19:52,903 - INFO : Starting new HTTP connection (1): 192.168.0.101
2021-11-18 11:19:52,954 - DEBUG : "POST /command HTTP/1.1" 200 2
2021-11-18 11:19:56,880 - INFO : ---------LOG START-------------
2021-11-18 11:19:56,883 - INFO : Starting new HTTP connection (1): 192.168.0.100
2021-11-18 11:19:56,891 - DEBUG : "GET /board HTTP/1.1" 200 121
2021-11-18 11:19:56,968 - INFO : Starting new HTTP connection (1): 192.168.0.100
2021-11-18 11:19:56,997 - DEBUG : "POST /tcp HTTP/1.1" 200 100
2021-11-18 11:19:58,623 - INFO : Starting new HTTP connection (1): 192.168.0.100
2021-11-18 11:19:58,680 - DEBUG : "GET /stream/start HTTP/1.1" 200 4
2021-11-18 11:19:58,734 - INFO : Starting new HTTP connection (1): 192.168.0.100
2021-11-18 11:19:58,773 - DEBUG : "POST /command HTTP/1.1" 200 2
2021-11-18 11:25:02,950 - INFO : Starting new HTTP connection (1): 192.168.0.100
2021-11-18 11:25:02,960 - DEBUG : "POST /command HTTP/1.1" 400 46
2021-11-18 11:25:03,003 - WARNING : sent <s>: stopped streaming
2021-11-18 11:25:05,444 - INFO : Starting new HTTP connection (1): 192.168.0.101
2021-11-18 11:25:05,456 - DEBUG : "POST /command HTTP/1.1" 400 46
2021-11-18 11:25:05,504 - WARNING : sent <s>: stopped streaming
2021-11-18 11:37:17,517 - INFO : ---------LOG START-------------
2021-11-18 11:37:17,517 - INFO : Starting new HTTP connection (1): 192.168.0.101
2021-11-18 11:37:17,625 - DEBUG : "GET /board HTTP/1.1" 200 96
2021-11-18 11:37:17,685 - INFO : Starting new HTTP connection (1): 192.168.0.101
2021-11-18 11:37:22,699 - DEBUG : "POST /tcp HTTP/1.1" 504 100
2021-11-18 11:37:37,454 - INFO : ---------LOG START-------------
2021-11-18 11:37:39,627 - INFO : Starting new HTTP connection (1): 192.168.0.101
2021-11-18 11:37:39,637 - DEBUG : "GET /description.xml HTTP/1.1" 200 None
2021-11-18 11:37:41,648 - INFO : Starting new HTTP connection (1): 192.168.0.101
2021-11-18 11:37:41,648 - DEBUG : "GET /board HTTP/1.1" 200 96
2021-11-18 11:37:41,708 - INFO : Starting new HTTP connection (1): 192.168.0.101
2021-11-18 11:37:46,722 - DEBUG : "POST /tcp HTTP/1.1" 504 100
2021-11-18 11:38:43,657 - INFO : ---------LOG START-------------
2021-11-18 11:38:48,060 - INFO : Starting new HTTP connection (1): 192.168.0.101
2021-11-18 11:38:48,073 - DEBUG : "GET /description.xml HTTP/1.1" 200 None
2021-11-18 11:38:50,080 - INFO : Starting new HTTP connection (1): 192.168.0.101
2021-11-18 11:38:50,090 - DEBUG : "GET /board HTTP/1.1" 200 121
2021-11-18 11:38:50,140 - INFO : Starting new HTTP connection (1): 192.168.0.101
2021-11-18 11:38:55,168 - DEBUG : "POST /tcp HTTP/1.1" 504 100
2021-11-18 11:39:02,589 - INFO : Starting new HTTP connection (1): 192.168.0.101
2021-11-18 11:39:02,690 - DEBUG : "GET /stream/start HTTP/1.1" 200 4
2021-11-18 11:39:58,488 - INFO : ---------LOG START-------------
2021-11-18 11:40:01,035 - INFO : Starting new HTTP connection (1): 192.168.0.101
2021-11-18 11:40:01,043 - DEBUG : "GET /description.xml HTTP/1.1" 200 None
2021-11-18 11:40:03,048 - INFO : Starting new HTTP connection (1): 192.168.0.101
2021-11-18 11:40:03,058 - DEBUG : "GET /board HTTP/1.1" 200 121
2021-11-18 11:40:03,120 - INFO : Starting new HTTP connection (1): 192.168.0.101
2021-11-18 11:40:08,130 - DEBUG : "POST /tcp HTTP/1.1" 504 100
2021-11-18 11:40:43,333 - INFO : Starting new HTTP connection (1): 192.168.0.101
2021-11-18 11:40:43,453 - DEBUG : "GET /stream/start HTTP/1.1" 200 4
2021-11-18 11:41:23,661 - INFO : ---------LOG START-------------
2021-11-18 11:41:26,045 - INFO : Starting new HTTP connection (1): 192.168.0.101
2021-11-18 11:41:26,055 - DEBUG : "GET /description.xml HTTP/1.1" 200 None
2021-11-18 11:41:28,057 - INFO : Starting new HTTP connection (1): 192.168.0.101
2021-11-18 11:41:28,067 - DEBUG : "GET /board HTTP/1.1" 200 121
2021-11-18 11:41:28,127 - INFO : Starting new HTTP connection (1): 192.168.0.101
2021-11-18 11:41:28,147 - DEBUG : "POST /tcp HTTP/1.1" 200 100
2021-11-18 11:41:34,645 - INFO : Starting new HTTP connection (1): 192.168.0.101
2021-11-18 11:41:34,652 - DEBUG : "GET /stream/start HTTP/1.1" 200 4
2021-11-18 11:45:01,486 - INFO : Starting new HTTP connection (1): 192.168.0.101
2021-11-18 11:45:01,504 - DEBUG : "POST /command HTTP/1.1" 200 16
2021-11-18 11:45:01,549 - WARNING : sent <s>: stopped streaming
2021-11-18 11:54:20,386 - INFO : ---------LOG START-------------
2021-11-18 11:54:20,389 - INFO : Starting new HTTP connection (1): 192.168.0.100
2021-11-18 14:53:48,736 - INFO : ---------LOG START-------------
2021-11-18 14:53:48,741 - INFO : Starting new HTTP connection (1): 192.168.0.100
2021-11-18 14:53:48,818 - DEBUG : "GET /board HTTP/1.1" 200 121
2021-11-18 14:53:48,868 - INFO : Starting new HTTP connection (1): 192.168.0.100
2021-11-18 14:53:48,882 - DEBUG : "POST /tcp HTTP/1.1" 200 100
2021-11-18 14:53:56,476 - INFO : Starting new HTTP connection (1): 192.168.0.100
2021-11-18 14:53:56,600 - DEBUG : "GET /stream/start HTTP/1.1" 200 4
2021-11-18 14:53:56,656 - INFO : Starting new HTTP connection (1): 192.168.0.100
2021-11-18 14:53:56,669 - DEBUG : "POST /command HTTP/1.1" 200 2
2021-11-18 16:14:44,993 - INFO : ---------LOG START-------------
2021-11-18 16:14:44,995 - INFO : Starting new HTTP connection (1): 192.168.0.100
2021-11-18 16:14:45,091 - DEBUG : "GET /board HTTP/1.1" 200 121
2021-11-18 16:14:45,148 - INFO : Starting new HTTP connection (1): 192.168.0.100
2021-11-18 16:14:50,160 - DEBUG : "POST /tcp HTTP/1.1" 504 100
2021-11-18 16:14:53,924 - INFO : Starting new HTTP connection (1): 192.168.0.100
2021-11-18 16:14:54,027 - DEBUG : "POST /command HTTP/1.1" 200 16
2021-11-18 16:15:02,364 - INFO : Starting new HTTP connection (1): 192.168.0.100
2021-11-18 16:15:02,401 - DEBUG : "POST /command HTTP/1.1" 200 89
2021-11-18 16:15:24,115 - INFO : Starting new HTTP connection (1): 192.168.0.100
2021-11-18 16:15:24,208 - DEBUG : "GET /stream/start HTTP/1.1" 200 4
2021-11-18 16:16:09,128 - INFO : ---------LOG START-------------
2021-11-18 16:16:09,128 - INFO : Starting new HTTP connection (1): 192.168.0.100
2021-11-18 16:16:09,208 - DEBUG : "GET /board HTTP/1.1" 200 121
2021-11-18 16:16:09,264 - INFO : Starting new HTTP connection (1): 192.168.0.100
2021-11-18 16:16:14,279 - DEBUG : "POST /tcp HTTP/1.1" 504 100
2021-11-18 16:16:17,291 - INFO : Starting new HTTP connection (1): 192.168.0.100
2021-11-18 16:16:17,363 - DEBUG : "POST /command HTTP/1.1" 200 16
2021-11-18 16:16:30,740 - INFO : ---------LOG START-------------
2021-11-18 16:16:30,743 - INFO : Starting new HTTP connection (1): 192.168.0.100
2021-11-18 16:16:30,865 - DEBUG : "GET /board HTTP/1.1" 200 121
2021-11-18 16:16:30,915 - INFO : Starting new HTTP connection (1): 192.168.0.100
2021-11-18 16:16:35,934 - DEBUG : "POST /tcp HTTP/1.1" 504 100
2021-11-18 16:16:38,141 - INFO : Starting new HTTP connection (1): 192.168.0.100
2021-11-18 16:16:38,262 - DEBUG : "POST /command HTTP/1.1" 200 16
2021-11-18 16:16:47,804 - INFO : Starting new HTTP connection (1): 192.168.0.100
2021-11-18 16:16:47,872 - DEBUG : "POST /command HTTP/1.1" 200 53
2021-11-18 16:16:59,060 - INFO : Starting new HTTP connection (1): 192.168.0.100
2021-11-18 16:16:59,133 - DEBUG : "GET /stream/start HTTP/1.1" 200 4
2021-11-18 16:17:13,972 - INFO : ---------LOG START-------------
2021-11-18 16:17:13,975 - INFO : Starting new HTTP connection (1): 192.168.0.100
2021-11-18 16:17:21,037 - DEBUG : "GET /board HTTP/1.1" 200 121
2021-11-18 16:17:21,087 - INFO : Starting new HTTP connection (1): 192.168.0.100
2021-11-18 16:17:26,108 - DEBUG : "POST /tcp HTTP/1.1" 504 100
2021-11-18 16:17:32,100 - INFO : Starting new HTTP connection (1): 192.168.0.100
2021-11-18 16:17:32,205 - DEBUG : "GET /stream/start HTTP/1.1" 200 4
2021-11-18 16:17:32,259 - INFO : Starting new HTTP connection (1): 192.168.0.100
2021-11-18 16:17:32,291 - DEBUG : "POST /command HTTP/1.1" 200 2
2021-11-18 16:17:57,776 - INFO : ---------LOG START-------------
2021-11-18 16:17:57,778 - INFO : Starting new HTTP connection (1): 192.168.0.100
2021-11-18 16:17:57,902 - DEBUG : "GET /board HTTP/1.1" 200 122
2021-11-18 16:18:13,620 - INFO : ---------LOG START-------------
2021-11-18 16:18:13,623 - INFO : Starting new HTTP connection (1): 192.168.0.100
2021-11-18 16:18:13,677 - DEBUG : "GET /board HTTP/1.1" 200 121
2021-11-18 16:18:13,722 - INFO : Starting new HTTP connection (1): 192.168.0.100
2021-11-18 16:18:13,742 - DEBUG : "POST /tcp HTTP/1.1" 200 100
2021-11-18 16:18:16,051 - INFO : Starting new HTTP connection (1): 192.168.0.100
2021-11-18 16:18:16,157 - DEBUG : "POST /command HTTP/1.1" 200 16
2021-11-18 16:18:21,084 - INFO : Starting new HTTP connection (1): 192.168.0.100
2021-11-18 16:18:21,174 - DEBUG : "POST /command HTTP/1.1" 200 89
2021-11-18 16:18:27,403 - INFO : Starting new HTTP connection (1): 192.168.0.100
2021-11-18 16:18:27,505 - DEBUG : "GET /stream/start HTTP/1.1" 200 4
2021-11-18 16:30:32,852 - INFO : Starting new HTTP connection (1): 192.168.0.100
2021-11-18 16:30:32,867 - DEBUG : "POST /command HTTP/1.1" 200 16
2021-11-18 16:30:32,918 - WARNING : sent <s>: stopped streaming
2021-11-18 16:32:55,780 - INFO : ---------LOG START-------------
2021-11-18 16:32:55,783 - INFO : Starting new HTTP connection (1): 192.168.0.100
2021-11-18 16:32:55,851 - DEBUG : "GET /board HTTP/1.1" 200 121
2021-11-18 16:32:55,908 - INFO : Starting new HTTP connection (1): 192.168.0.100
2021-11-18 16:32:55,924 - DEBUG : "POST /tcp HTTP/1.1" 200 100
2021-11-18 16:32:58,787 - INFO : Starting new HTTP connection (1): 192.168.0.100
2021-11-18 16:32:58,826 - DEBUG : "GET /stream/start HTTP/1.1" 200 4
2021-11-19 14:15:46,164 - INFO : ---------LOG START-------------
2021-11-19 14:15:46,167 - INFO : Starting new HTTP connection (1): 192.168.0.100
2021-11-19 14:16:02,860 - INFO : ---------LOG START-------------
2021-11-19 14:16:02,863 - INFO : Starting new HTTP connection (1): 192.168.0.100
2021-11-19 14:16:04,450 - INFO : ---------LOG START-------------
2021-11-19 14:16:04,453 - INFO : Starting new HTTP connection (1): 192.168.0.100
2021-11-19 14:16:56,370 - INFO : ---------LOG START-------------
2021-11-19 14:16:56,373 - INFO : Starting new HTTP connection (1): 192.168.0.100
2021-11-19 14:17:12,644 - DEBUG : "GET /board HTTP/1.1" 200 73
2021-11-19 14:17:45,336 - INFO : ---------LOG START-------------
2021-11-19 14:17:45,339 - INFO : Starting new HTTP connection (1): 192.168.0.100
2021-11-19 14:17:52,440 - DEBUG : "GET /board HTTP/1.1" 200 73
2021-11-19 14:19:03,865 - INFO : ---------LOG START-------------
2021-11-19 14:19:03,868 - INFO : Starting new HTTP connection (1): 192.168.0.100
2021-11-19 14:19:03,913 - DEBUG : "GET /board HTTP/1.1" 200 73
2021-11-19 14:20:16,297 - INFO : ---------LOG START-------------
2021-11-19 14:20:16,300 - INFO : Starting new HTTP connection (1): 192.168.0.100
2021-11-19 14:20:16,415 - DEBUG : "GET /board HTTP/1.1" 200 73
2021-11-19 14:20:18,225 - INFO : ---------LOG START-------------
2021-11-19 14:20:18,227 - INFO : Starting new HTTP connection (1): 192.168.0.100
2021-11-19 14:20:18,357 - DEBUG : "GET /board HTTP/1.1" 200 73
2021-11-19 14:20:19,153 - INFO : ---------LOG START-------------
2021-11-19 14:20:19,156 - INFO : Starting new HTTP connection (1): 192.168.0.100
2021-11-19 14:20:19,289 - DEBUG : "GET /board HTTP/1.1" 200 73
2021-11-19 14:23:33,289 - INFO : ---------LOG START-------------
2021-11-19 14:23:33,292 - INFO : Starting new HTTP connection (1): 192.168.0.100
2021-11-19 14:23:34,312 - DEBUG : "GET /board HTTP/1.1" 200 73
2021-11-19 14:24:05,697 - INFO : ---------LOG START-------------
2021-11-19 14:24:05,700 - INFO : Starting new HTTP connection (1): 192.168.0.100
2021-11-19 14:24:05,799 - DEBUG : "GET /board HTTP/1.1" 200 73
2021-11-19 14:24:06,754 - INFO : ---------LOG START-------------
2021-11-19 14:24:06,756 - INFO : Starting new HTTP connection (1): 192.168.0.100
2021-11-19 14:24:06,808 - DEBUG : "GET /board HTTP/1.1" 200 73
2021-11-19 14:25:02,197 - INFO : ---------LOG START-------------
2021-11-19 14:25:02,200 - INFO : Starting new HTTP connection (1): 192.168.0.101
2021-11-19 14:25:02,322 - DEBUG : "GET /board HTTP/1.1" 200 121
2021-11-19 14:25:02,386 - INFO : Starting new HTTP connection (1): 192.168.0.101
2021-11-19 14:25:02,420 - DEBUG : "POST /tcp HTTP/1.1" 200 100
2021-11-19 14:25:04,221 - INFO : Starting new HTTP connection (1): 192.168.0.101
2021-11-19 14:25:04,261 - DEBUG : "GET /stream/start HTTP/1.1" 200 4
2021-11-19 14:25:04,317 - INFO : Starting new HTTP connection (1): 192.168.0.101
2021-11-19 14:25:04,350 - DEBUG : "POST /command HTTP/1.1" 200 2
2021-11-19 14:31:45,169 - INFO : Starting new HTTP connection (1): 192.168.0.101
2021-11-19 14:31:45,181 - DEBUG : "POST /command HTTP/1.1" 400 46
2021-11-19 14:31:45,228 - WARNING : sent <s>: stopped streaming
2021-11-19 14:31:55,377 - INFO : ---------LOG START-------------
2021-11-19 14:31:55,380 - INFO : Starting new HTTP connection (1): 192.168.0.100
2021-11-19 14:31:55,495 - DEBUG : "GET /board HTTP/1.1" 200 73
2021-11-19 14:32:07,192 - INFO : ---------LOG START-------------
2021-11-19 14:32:07,195 - INFO : Starting new HTTP connection (1): 192.168.0.100
2021-11-19 14:32:14,234 - DEBUG : "GET /board HTTP/1.1" 200 73
2021-11-19 14:32:22,664 - INFO : ---------LOG START-------------
2021-11-19 14:32:27,691 - INFO : Starting new HTTP connection (1): 192.168.0.100
2021-11-19 14:32:27,702 - DEBUG : "GET /description.xml HTTP/1.1" 200 None
2021-11-19 14:32:29,703 - INFO : Starting new HTTP connection (1): 192.168.0.100
2021-11-19 14:32:29,712 - DEBUG : "GET /board HTTP/1.1" 200 73
2021-11-19 14:34:26,081 - INFO : ---------LOG START-------------
2021-11-19 14:34:28,535 - INFO : Starting new HTTP connection (1): 192.168.0.100
2021-11-19 14:34:28,545 - DEBUG : "GET /description.xml HTTP/1.1" 200 None
2021-11-19 14:34:30,547 - INFO : Starting new HTTP connection (1): 192.168.0.100
2021-11-19 14:34:30,555 - DEBUG : "GET /board HTTP/1.1" 200 73
2021-11-19 14:40:39,185 - INFO : ---------LOG START-------------
2021-11-19 14:40:39,189 - INFO : Starting new HTTP connection (1): 192.168.0.100
2021-11-19 14:40:46,335 - DEBUG : "GET /board HTTP/1.1" 200 73
2021-11-19 14:52:07,601 - INFO : ---------LOG START-------------
2021-11-19 14:52:07,605 - INFO : Starting new HTTP connection (1): 192.168.0.100
2021-11-19 14:52:07,706 - DEBUG : "GET /board HTTP/1.1" 200 73
2021-11-19 14:54:14,017 - INFO : ---------LOG START-------------
2021-11-19 14:54:14,020 - INFO : Starting new HTTP connection (1): 192.168.0.100
2021-11-19 14:54:14,066 - DEBUG : "GET /board HTTP/1.1" 200 73
2021-11-19 15:13:25,925 - INFO : ---------LOG START-------------
2021-11-19 15:13:25,928 - INFO : Starting new HTTP connection (1): 192.168.0.101
2021-11-19 15:13:25,937 - DEBUG : "GET /board HTTP/1.1" 200 73
